// Jest Snapshot v1, https://goo.gl/fbAQLP

exports[`renders the UI as expected 1`] = `
<div
  className="edit"
>
  <div
    className="errand-info"
  >
    <h2 />
    <p />
  </div>
  <span>
    Route distance: 0.0 mi
     
  </span>
  <div
    id="map-container"
  />
  <button
    onClick={[Function]}
  >
    Metric
  </button>
</div>
`;
