// Jest Snapshot v1, https://goo.gl/fbAQLP

exports[`renders the UI as expected 1`] = `
<div
  className="edit"
>
  <div
    className="errand-info"
  >
    <h2 />
    <p />
    <span
      className="distance-display"
    >
      Route distance: 0.0 mi
      <button
        onClick={[Function]}
      >
        Metric
      </button>
       
    </span>
  </div>
  <div
    id="map-container"
  />
</div>
`;
