// Jest Snapshot v1, https://goo.gl/fbAQLP

exports[`renders the UI as expected 1`] = `
<div
  className="edit"
>
  <form
    onSubmit={[Function]}
  >
    <div
      className="form-div"
    >
      <label
        className="title"
        htmlFor="title"
      >
        Title
      </label>
      <input
        name="title"
        required={true}
        type="text"
      />
      <fieldset>
        <legend>
          Map config
        </legend>
        <button
          onClick={[Function]}
        >
          Metric
        </button>
        <button
          onClick={[Function]}
        >
          Clear
        </button>
        <button
          onClick={[Function]}
        >
          Remove last
        </button>
      </fieldset>
    </div>
    <button
      className="save-button"
      type="submit"
    >
      Add Route
    </button>
    <span
      className="distance-display"
    >
      Route distance: 0.0 mi
       
    </span>
    <div
      id="map-container"
    />
  </form>
</div>
`;
