// Jest Snapshot v1, https://goo.gl/fbAQLP

exports[`renders the UI as expected 1`] = `
<div>
  <h1>
    Travelling Salesman App
  </h1>
  <section
    id="about"
  >
    <p>
      Create routes and add them to your schedule. Click 'Go' for a live demo! 
    </p>
    <button
      className="save-button"
      onClick={[Function]}
    >
      Go
    </button>
  </section>
</div>
`;
